Analyzing Ngam...
